// Jest Snapshot v1, https://goo.gl/fbAQLP

exports[`Wallet render properly 1`] = `
ShallowWrapper {
  Symbol(enzyme.__root__): [Circular],
  Symbol(enzyme.__unrendered__): <Wallet
    balance={20}
  />,
  Symbol(enzyme.__renderer__): Object {
    "batchedUpdates": [Function],
    "getNode": [Function],
    "render": [Function],
    "simulateError": [Function],
    "simulateEvent": [Function],
    "unmount": [Function],
  },
  Symbol(enzyme.__node__): Object {
    "instance": null,
    "key": undefined,
    "nodeType": "host",
    "props": Object {
      "children": Array [
        <h3>
          Wallet balance: 
          <span
            className="balance"
          >
            20
          </span>
        </h3>,
        " ",
      ],
    },
    "ref": null,
    "rendered": Array [
      Object {
        "instance": null,
        "key": undefined,
        "nodeType": "host",
        "props": Object {
          "children": Array [
            "Wallet balance: ",
            <span
              className="balance"
            >
              20
            </span>,
          ],
        },
        "ref": null,
        "rendered": Array [
          "Wallet balance: ",
          Object {
            "instance": null,
            "key": undefined,
            "nodeType": "host",
            "props": Object {
              "children": 20,
              "className": "balance",
            },
            "ref": null,
            "rendered": 20,
            "type": "span",
          },
        ],
        "type": "h3",
      },
      " ",
    ],
    "type": "div",
  },
  Symbol(enzyme.__nodes__): Array [
    Object {
      "instance": null,
      "key": undefined,
      "nodeType": "host",
      "props": Object {
        "children": Array [
          <h3>
            Wallet balance: 
            <span
              className="balance"
            >
              20
            </span>
          </h3>,
          " ",
        ],
      },
      "ref": null,
      "rendered": Array [
        Object {
          "instance": null,
          "key": undefined,
          "nodeType": "host",
          "props": Object {
            "children": Array [
              "Wallet balance: ",
              <span
                className="balance"
              >
                20
              </span>,
            ],
          },
          "ref": null,
          "rendered": Array [
            "Wallet balance: ",
            Object {
              "instance": null,
              "key": undefined,
              "nodeType": "host",
              "props": Object {
                "children": 20,
                "className": "balance",
              },
              "ref": null,
              "rendered": 20,
              "type": "span",
            },
          ],
          "type": "h3",
        },
        " ",
      ],
      "type": "div",
    },
  ],
  Symbol(enzyme.__options__): Object {
    "adapter": ReactSixteenAdapter {
      "options": Object {
        "enableComponentDidUpdateOnSetState": true,
        "lifecycles": Object {
          "componentDidUpdate": Object {
            "onSetState": true,
          },
          "getDerivedStateFromProps": true,
          "getSnapshotBeforeUpdate": true,
          "setState": Object {
            "skipsComponentDidUpdateOnNullish": true,
          },
        },
      },
    },
    "disableLifecycleMethods": true,
  },
}
`;
